---
source: src/viewer/widget.rs
assertion_line: 596
expression: snapshot_string(&buf)
---
 claude-code:missing · (no cwd) · 0 turns
────────────────────────────────────────────────────────────
transcript unavailable



────────────────────────────────────────────────────────────
[ 1/1 ] · tools·off (t) · think·off (y) · (q) close
