---
source: src/viewer/widget.rs
assertion_line: 483
expression: snapshot_string(&buf)
---
 claude-code:compact · /p · 3 turns
────────────────────────────────────────────────────────────
       you │ before

   compact │ summary of prior turns

 assistant │ after





────────────────────────────────────────────────────────────
[ 1/6 ] · tools·off · think·off · q close · j/k scroll · g/…
