---
source: src/viewer/widget.rs
assertion_line: 605
expression: snapshot_string(&buf)
---
 claude-code:0b34e59c · /p/proj · 2 turns
────────────────────────────────────────────────────────────
       you  │ what's up?

 assistant  │ not much





────────────────────────────────────────────────────────────
[ 1/4 ] · tools·off   (t) · think·off (T) · (q) close
