---
source: src/viewer/widget.rs
expression: snapshot_string(&buf)
---
 claude-code:0b34e59c · /p/proj · 2 turns
──┌ viewer keybindings ────────────────────────────────────────────┐──
 y│ q / Esc / Ctrl-C   Close viewer                                │
  │         j / Down   Scroll one line down                        │
  │           k / Up   Scroll one line up                          │
  │     Space / PgDn   Page down                                   │
  │             PgUp   Page up                                     │
  │  Ctrl-D / Ctrl-U   Half-page down / up                         │
  │         g / Home   Jump to start of transcript                 │
  │          G / End   Jump to end (open default)                  │
  │                t   Cycle tool detail (off → sum → trunc → all) │
  │                T   Toggle thinking turns                       │
  │                I   Toggle aborted/interrupted turns            │
  │                ?   Toggle this help panel                      │
  │                                                                │
  └────────────────────────────────────────────────────────────────┘
──────────────────────────────────────────────────────────────────────
[ 1/4 ] · tools·off   (t) · think·off (T) · (q) close
