---
source: src/viewer/widget.rs
assertion_line: 624
expression: snapshot_string(&buf)
---
 claude-code:missing · (no cwd) · 0 turns
────────────────────────────────────────────────────────────
transcript unavailable



────────────────────────────────────────────────────────────
[ 1/1 ] · tools·off   (t) · think·off (T) · (q) close
