---
source: src/viewer/widget.rs
expression: snapshot_string(&buf)
---
 claude-code:tbl · /proj · 1 turn
────────────────────────────────────────────────────────────────────────────────
 ai  │ Three-way comparison:
     │  Option ┆ Effort ┆ Risk
     │ ════════╪════════╪════════
     │  A      ┆ Small  ┆ Low
     │ ╌╌╌╌╌╌╌╌┼╌╌╌╌╌╌╌╌┼╌╌╌╌╌╌╌╌
     │  B      ┆ Medium ┆ Medium
     │ ╌╌╌╌╌╌╌╌┼╌╌╌╌╌╌╌╌┼╌╌╌╌╌╌╌╌
     │  C      ┆ Large  ┆ High
     │ Recommend B.





────────────────────────────────────────────────────────────────────────────────
[ 1/10 ] · tools·off   (t) · think·off (T) · aborted·hide (I) · (q) close
