---
source: src/viewer/widget.rs
expression: snapshot_string(&buf)
---
 claude-code:0b34e59c · /p/proj · 2 turns
────────────────────────────────────────────────────────────
 you  │ what's up?

  ai  │ not much





────────────────────────────────────────────────────────────
[ 1/4 ] · tools·off   (t) · think·off (T) · (q) close
