---
source: src/viewer/widget.rs
assertion_line: 456
expression: snapshot_string(&buf)
---
 claude-code:0b34e59c · /p/proj · 2 turns
────────────────────────────────────────────────────────────
       you │ what's up?

 assistant │ not much





────────────────────────────────────────────────────────────
[ 1/4 ] · tools·off · think·off · q close · j/k scroll · g/…
