---
source: src/viewer/widget.rs
expression: snapshot_string(&buf)
---
 claude-code:wrap · /proj · 1 turn
────────────────────────────────────────
 ai  │ Comparison of long-form options:
     │  Option ┆ Description
     │ ════════╪════════════════════════
     │  Alpha  ┆ a sufficiently
     │         ┆ detailed description
     │         ┆ that demands wrapping
     │ ╌╌╌╌╌╌╌╌┼╌╌╌╌╌╌╌╌╌╌╌╌╌╌╌╌╌╌╌╌╌╌╌╌
     │  Beta   ┆ shorter








────────────────────────────────────────
[ 1/9 ] · tools·off   (t) · think·off (T
