---
source: src/viewer/widget.rs
assertion_line: 357
expression: snapshot_string(&buf)
---
claude-code:compact                                  cwd: /p
────────────────────────────────────────────────────────────
you
before

— compaction summary —
summary of prior turns

assistant
after


────────────────────────────────────────────────────────────
…
