---
source: tests/atelier_delegation_snapshots.rs
expression: fixture.normalize(&graph)
---
{
  "nodes": [
    {
      "type": "repo",
      "id": {
        "common_dir": "/sources/repo-a"
      },
      "common_dir": "/sources/repo-a"
    },
    {
      "type": "repo",
      "id": {
        "common_dir": "/fixture/repo-a/.git"
      },
      "common_dir": "/fixture/repo-a/.git",
      "source_paths": [
        "/fixture/repo-a"
      ]
    },
    {
      "type": "repo",
      "id": {
        "common_dir": "/fixture/repo-b/.git"
      },
      "common_dir": "/fixture/repo-b/.git",
      "source_paths": [
        "/fixture/repo-b"
      ]
    },
    {
      "type": "worktree",
      "id": {
        "repo": {
          "common_dir": "/sources/repo-a"
        },
        "root": ".atelier/forks/alpha/repo-a"
      },
      "root": ".atelier/forks/alpha/repo-a",
      "current_branch": {
        "repo": {
          "common_dir": "/sources/repo-a"
        },
        "refname": "fork/alpha/repo-a"
      }
    },
    {
      "type": "worktree",
      "id": {
        "repo": {
          "common_dir": "/fixture/repo-a/.git"
        },
        "root": "/fixture/repo-a"
      },
      "root": "/fixture/repo-a",
      "git_dir": "/fixture/repo-a/.git",
      "current_branch": {
        "repo": {
          "common_dir": "/fixture/repo-a/.git"
        },
        "refname": "refs/heads/main"
      }
    },
    {
      "type": "worktree",
      "id": {
        "repo": {
          "common_dir": "/fixture/repo-b/.git"
        },
        "root": "/fixture/repo-b"
      },
      "root": "/fixture/repo-b",
      "git_dir": "/fixture/repo-b/.git",
      "current_branch": {
        "repo": {
          "common_dir": "/fixture/repo-b/.git"
        },
        "refname": "refs/heads/main"
      }
    },
    {
      "type": "workspace",
      "id": {
        "root": "/fixture"
      },
      "root": "/fixture",
      "provider": "atelier",
      "name": "atelier-demo"
    },
    {
      "type": "agent_session",
      "id": {
        "harness_key": "codex",
        "state_scope": "/fixture/.state/codex",
        "session_key": "session-alpha"
      },
      "harness_key": "codex",
      "cwd": "/fixture/.atelier/forks/alpha/repo-a"
    },
    {
      "type": "mux_session",
      "id": {
        "native_id": "tmux:alpha"
      },
      "backend": "tmux",
      "native_id": "alpha",
      "cwd": "/fixture/.atelier/forks/alpha/repo-a",
      "activity_epoch": 1700000500,
      "created_epoch": 1700000000
    },
    {
      "type": "branch",
      "id": {
        "repo": {
          "common_dir": "/sources/repo-a"
        },
        "refname": "fork/alpha/repo-a"
      },
      "refname": "fork/alpha/repo-a"
    },
    {
      "type": "branch",
      "id": {
        "repo": {
          "common_dir": "/fixture/repo-a/.git"
        },
        "refname": "refs/heads/main"
      },
      "refname": "refs/heads/main"
    },
    {
      "type": "branch",
      "id": {
        "repo": {
          "common_dir": "/fixture/repo-b/.git"
        },
        "refname": "refs/heads/main"
      },
      "refname": "refs/heads/main"
    },
    {
      "type": "fork",
      "id": {
        "provider_source_key": "atelier:alpha"
      },
      "provider": "atelier",
      "provider_source_key": "alpha",
      "name": "alpha",
      "scope": "workspace",
      "capabilities": [
        "mode:worktree",
        "state:isolated"
      ]
    }
  ],
  "candidate_links": [
    {
      "id": "atelier:fork:atelier:alpha:child_session:codex:child-session",
      "source": {
        "type": "fork",
        "provider_source_key": "atelier:alpha"
      },
      "target": {
        "kind": "unresolved",
        "evidence": {
          "node_type": "agent_session",
          "harness_key": "codex",
          "native_id": "child-session",
          "path": "/fixture/.atelier/forks/alpha",
          "metadata": {
            "created_epoch": 1,
            "fork_mode": "worktree",
            "fork_name": "alpha",
            "harness_key": "codex",
            "lineage_fidelity": "native",
            "lineage_kind": "fork"
          }
        }
      },
      "relation": "child_session",
      "provenance": "strong_discovered",
      "confidence": "high",
      "freshness": "fresh",
      "source_metadata": {
        "adapter": "atelier",
        "evidence": "fork harness child session",
        "fields": {
          "created_epoch": 1,
          "fork_mode": "worktree",
          "fork_name": "alpha",
          "harness_key": "codex",
          "lineage_fidelity": "native",
          "lineage_kind": "fork"
        }
      },
      "state": {
        "state": "active"
      }
    },
    {
      "id": "atelier:fork:atelier:alpha:created_branch:branch:repo:/sources/repo-a@fork/alpha/repo-a",
      "source": {
        "type": "fork",
        "provider_source_key": "atelier:alpha"
      },
      "target": {
        "kind": "node",
        "id": {
          "type": "branch",
          "repo": {
            "common_dir": "/sources/repo-a"
          },
          "refname": "fork/alpha/repo-a"
        }
      },
      "relation": "created_branch",
      "provenance": "strong_discovered",
      "confidence": "high",
      "freshness": "fresh",
      "source_metadata": {
        "adapter": "atelier",
        "evidence": "fork branch metadata",
        "fields": {
          "created_epoch": 1,
          "fork_mode": "worktree",
          "fork_name": "alpha",
          "forked": true,
          "link": false,
          "repo_name": "repo-a"
        }
      },
      "state": {
        "state": "active"
      }
    },
    {
      "id": "atelier:fork:atelier:alpha:created_worktree:worktree:repo:/sources/repo-a@.atelier/forks/alpha/repo-a",
      "source": {
        "type": "fork",
        "provider_source_key": "atelier:alpha"
      },
      "target": {
        "kind": "node",
        "id": {
          "type": "worktree",
          "repo": {
            "common_dir": "/sources/repo-a"
          },
          "root": ".atelier/forks/alpha/repo-a"
        }
      },
      "relation": "created_worktree",
      "provenance": "strong_discovered",
      "confidence": "high",
      "freshness": "fresh",
      "source_metadata": {
        "adapter": "atelier",
        "evidence": "fork created worktree",
        "fields": {
          "created_epoch": 1,
          "fork_mode": "worktree",
          "fork_name": "alpha",
          "forked": true,
          "link": false,
          "repo_name": "repo-a"
        }
      },
      "state": {
        "state": "active"
      }
    },
    {
      "id": "atelier:fork:atelier:alpha:forks_repo:repo:/sources/repo-a",
      "source": {
        "type": "fork",
        "provider_source_key": "atelier:alpha"
      },
      "target": {
        "kind": "node",
        "id": {
          "type": "repo",
          "common_dir": "/sources/repo-a"
        }
      },
      "relation": "forks_repo",
      "provenance": "strong_discovered",
      "confidence": "high",
      "freshness": "fresh",
      "source_metadata": {
        "adapter": "atelier",
        "evidence": "fork repo membership",
        "fields": {
          "created_epoch": 1,
          "fork_mode": "worktree",
          "fork_name": "alpha",
          "forked": true,
          "link": false,
          "repo_name": "repo-a"
        }
      },
      "state": {
        "state": "active"
      }
    },
    {
      "id": "atelier:fork:atelier:alpha:forks_workspace:workspace:/fixture",
      "source": {
        "type": "fork",
        "provider_source_key": "atelier:alpha"
      },
      "target": {
        "kind": "node",
        "id": {
          "type": "workspace",
          "root": "/fixture"
        }
      },
      "relation": "forks_workspace",
      "provenance": "strong_discovered",
      "confidence": "high",
      "freshness": "fresh",
      "source_metadata": {
        "adapter": "atelier",
        "evidence": "fork belongs to Atelier workspace",
        "fields": {
          "created_epoch": 1,
          "fork_mode": "worktree",
          "fork_name": "alpha"
        }
      },
      "state": {
        "state": "active"
      }
    },
    {
      "id": "atelier:fork:atelier:alpha:parent_session:codex:parent-session",
      "source": {
        "type": "fork",
        "provider_source_key": "atelier:alpha"
      },
      "target": {
        "kind": "unresolved",
        "evidence": {
          "node_type": "agent_session",
          "harness_key": "codex",
          "native_id": "parent-session",
          "path": "/fixture/.atelier/forks/alpha",
          "metadata": {
            "created_epoch": 1,
            "fork_mode": "worktree",
            "fork_name": "alpha",
            "harness_key": "codex",
            "lineage_fidelity": "native",
            "lineage_kind": "fork"
          }
        }
      },
      "relation": "parent_session",
      "provenance": "strong_discovered",
      "confidence": "high",
      "freshness": "fresh",
      "source_metadata": {
        "adapter": "atelier",
        "evidence": "fork harness parent session",
        "fields": {
          "created_epoch": 1,
          "fork_mode": "worktree",
          "fork_name": "alpha",
          "harness_key": "codex",
          "lineage_fidelity": "native",
          "lineage_kind": "fork"
        }
      },
      "state": {
        "state": "active"
      }
    },
    {
      "id": "atelier:fork:atelier:alpha:rooted_at_path:/fixture/.atelier/forks/alpha",
      "source": {
        "type": "fork",
        "provider_source_key": "atelier:alpha"
      },
      "target": {
        "kind": "unresolved",
        "evidence": {
          "node_type": "path",
          "path": "/fixture/.atelier/forks/alpha",
          "metadata": {
            "created_epoch": 1,
            "fork_mode": "worktree",
            "fork_name": "alpha"
          }
        }
      },
      "relation": "rooted_at_path",
      "provenance": "strong_discovered",
      "confidence": "high",
      "freshness": "fresh",
      "source_metadata": {
        "adapter": "atelier",
        "evidence": "fork root path",
        "fields": {
          "created_epoch": 1,
          "fork_mode": "worktree",
          "fork_name": "alpha"
        }
      },
      "state": {
        "state": "active"
      }
    },
    {
      "id": "atelier:workspace:/fixture:workspace_contains_repo:repo:/fixture/repo-a/.git:repo-a",
      "source": {
        "type": "workspace",
        "root": "/fixture"
      },
      "target": {
        "kind": "node",
        "id": {
          "type": "repo",
          "common_dir": "/fixture/repo-a/.git"
        }
      },
      "relation": "workspace_contains_repo",
      "provenance": "strong_discovered",
      "confidence": "high",
      "freshness": "fresh",
      "source_metadata": {
        "adapter": "atelier",
        "evidence": "atelier.toml repo entry",
        "fields": {
          "repo_name": "repo-a"
        }
      },
      "state": {
        "state": "active"
      }
    },
    {
      "id": "atelier:workspace:/fixture:workspace_contains_repo:repo:/fixture/repo-b/.git:repo-b",
      "source": {
        "type": "workspace",
        "root": "/fixture"
      },
      "target": {
        "kind": "node",
        "id": {
          "type": "repo",
          "common_dir": "/fixture/repo-b/.git"
        }
      },
      "relation": "workspace_contains_repo",
      "provenance": "strong_discovered",
      "confidence": "high",
      "freshness": "fresh",
      "source_metadata": {
        "adapter": "atelier",
        "evidence": "atelier.toml repo entry",
        "fields": {
          "repo_name": "repo-b"
        }
      },
      "state": {
        "state": "active"
      }
    },
    {
      "id": "cross_link:agent_session:codex:/fixture/.state/codex:session-alpha:associated_with:fork:atelier:alpha",
      "source": {
        "type": "agent_session",
        "harness_key": "codex",
        "state_scope": "/fixture/.state/codex",
        "session_key": "session-alpha"
      },
      "target": {
        "kind": "node",
        "id": {
          "type": "fork",
          "provider_source_key": "atelier:alpha"
        }
      },
      "relation": "associated_with",
      "provenance": "discovered",
      "confidence": "medium",
      "freshness": "fresh",
      "source_metadata": {
        "adapter": "cross_link",
        "evidence": "session cwd within fork root",
        "fields": {
          "fork_root": "/fixture/.atelier/forks/alpha"
        }
      },
      "state": {
        "state": "active"
      }
    },
    {
      "id": "cross_link:agent_session:codex:/fixture/.state/codex:session-alpha:linked_to_mux:mux_session:tmux:alpha:exact_cwd_match",
      "source": {
        "type": "agent_session",
        "harness_key": "codex",
        "state_scope": "/fixture/.state/codex",
        "session_key": "session-alpha"
      },
      "target": {
        "kind": "node",
        "id": {
          "type": "mux_session",
          "native_id": "tmux:alpha"
        }
      },
      "relation": "linked_to_mux",
      "provenance": "strong_discovered",
      "confidence": "high",
      "freshness": "fresh",
      "source_metadata": {
        "adapter": "cross_link",
        "evidence": "exact_cwd_match",
        "fields": {
          "match_kind": "exact_cwd_match",
          "mux_activity_epoch": 1700000500
        }
      },
      "state": {
        "state": "active"
      }
    },
    {
      "id": "git:worktree:repo:/fixture/repo-a/.git@/fixture/repo-a:belongs_to_repo:repo:/fixture/repo-a/.git",
      "source": {
        "type": "worktree",
        "repo": {
          "common_dir": "/fixture/repo-a/.git"
        },
        "root": "/fixture/repo-a"
      },
      "target": {
        "kind": "node",
        "id": {
          "type": "repo",
          "common_dir": "/fixture/repo-a/.git"
        }
      },
      "relation": "belongs_to_repo",
      "provenance": "strong_discovered",
      "confidence": "high",
      "freshness": "fresh",
      "source_metadata": {
        "adapter": "git",
        "evidence": "git common dir"
      },
      "state": {
        "state": "active"
      }
    },
    {
      "id": "git:worktree:repo:/fixture/repo-a/.git@/fixture/repo-a:checked_out_branch:branch:repo:/fixture/repo-a/.git@refs/heads/main",
      "source": {
        "type": "worktree",
        "repo": {
          "common_dir": "/fixture/repo-a/.git"
        },
        "root": "/fixture/repo-a"
      },
      "target": {
        "kind": "node",
        "id": {
          "type": "branch",
          "repo": {
            "common_dir": "/fixture/repo-a/.git"
          },
          "refname": "refs/heads/main"
        }
      },
      "relation": "checked_out_branch",
      "provenance": "strong_discovered",
      "confidence": "high",
      "freshness": "fresh",
      "source_metadata": {
        "adapter": "git",
        "evidence": "symbolic HEAD"
      },
      "state": {
        "state": "active"
      }
    },
    {
      "id": "git:worktree:repo:/fixture/repo-b/.git@/fixture/repo-b:belongs_to_repo:repo:/fixture/repo-b/.git",
      "source": {
        "type": "worktree",
        "repo": {
          "common_dir": "/fixture/repo-b/.git"
        },
        "root": "/fixture/repo-b"
      },
      "target": {
        "kind": "node",
        "id": {
          "type": "repo",
          "common_dir": "/fixture/repo-b/.git"
        }
      },
      "relation": "belongs_to_repo",
      "provenance": "strong_discovered",
      "confidence": "high",
      "freshness": "fresh",
      "source_metadata": {
        "adapter": "git",
        "evidence": "git common dir"
      },
      "state": {
        "state": "active"
      }
    },
    {
      "id": "git:worktree:repo:/fixture/repo-b/.git@/fixture/repo-b:checked_out_branch:branch:repo:/fixture/repo-b/.git@refs/heads/main",
      "source": {
        "type": "worktree",
        "repo": {
          "common_dir": "/fixture/repo-b/.git"
        },
        "root": "/fixture/repo-b"
      },
      "target": {
        "kind": "node",
        "id": {
          "type": "branch",
          "repo": {
            "common_dir": "/fixture/repo-b/.git"
          },
          "refname": "refs/heads/main"
        }
      },
      "relation": "checked_out_branch",
      "provenance": "strong_discovered",
      "confidence": "high",
      "freshness": "fresh",
      "source_metadata": {
        "adapter": "git",
        "evidence": "symbolic HEAD"
      },
      "state": {
        "state": "active"
      }
    }
  ],
  "resolved_relationships": [
    {
      "source": {
        "type": "worktree",
        "repo": {
          "common_dir": "/fixture/repo-a/.git"
        },
        "root": "/fixture/repo-a"
      },
      "target": {
        "type": "repo",
        "common_dir": "/fixture/repo-a/.git"
      },
      "relation": "belongs_to_repo",
      "selected_link_id": "git:worktree:repo:/fixture/repo-a/.git@/fixture/repo-a:belongs_to_repo:repo:/fixture/repo-a/.git"
    },
    {
      "source": {
        "type": "worktree",
        "repo": {
          "common_dir": "/fixture/repo-a/.git"
        },
        "root": "/fixture/repo-a"
      },
      "target": {
        "type": "branch",
        "repo": {
          "common_dir": "/fixture/repo-a/.git"
        },
        "refname": "refs/heads/main"
      },
      "relation": "checked_out_branch",
      "selected_link_id": "git:worktree:repo:/fixture/repo-a/.git@/fixture/repo-a:checked_out_branch:branch:repo:/fixture/repo-a/.git@refs/heads/main"
    },
    {
      "source": {
        "type": "worktree",
        "repo": {
          "common_dir": "/fixture/repo-b/.git"
        },
        "root": "/fixture/repo-b"
      },
      "target": {
        "type": "repo",
        "common_dir": "/fixture/repo-b/.git"
      },
      "relation": "belongs_to_repo",
      "selected_link_id": "git:worktree:repo:/fixture/repo-b/.git@/fixture/repo-b:belongs_to_repo:repo:/fixture/repo-b/.git"
    },
    {
      "source": {
        "type": "worktree",
        "repo": {
          "common_dir": "/fixture/repo-b/.git"
        },
        "root": "/fixture/repo-b"
      },
      "target": {
        "type": "branch",
        "repo": {
          "common_dir": "/fixture/repo-b/.git"
        },
        "refname": "refs/heads/main"
      },
      "relation": "checked_out_branch",
      "selected_link_id": "git:worktree:repo:/fixture/repo-b/.git@/fixture/repo-b:checked_out_branch:branch:repo:/fixture/repo-b/.git@refs/heads/main"
    },
    {
      "source": {
        "type": "workspace",
        "root": "/fixture"
      },
      "target": {
        "type": "repo",
        "common_dir": "/fixture/repo-a/.git"
      },
      "relation": "workspace_contains_repo",
      "selected_link_id": "atelier:workspace:/fixture:workspace_contains_repo:repo:/fixture/repo-a/.git:repo-a",
      "competing_link_ids": [
        "atelier:workspace:/fixture:workspace_contains_repo:repo:/fixture/repo-b/.git:repo-b"
      ]
    },
    {
      "source": {
        "type": "agent_session",
        "harness_key": "codex",
        "state_scope": "/fixture/.state/codex",
        "session_key": "session-alpha"
      },
      "target": {
        "type": "mux_session",
        "native_id": "tmux:alpha"
      },
      "relation": "linked_to_mux",
      "selected_link_id": "cross_link:agent_session:codex:/fixture/.state/codex:session-alpha:linked_to_mux:mux_session:tmux:alpha:exact_cwd_match"
    },
    {
      "source": {
        "type": "agent_session",
        "harness_key": "codex",
        "state_scope": "/fixture/.state/codex",
        "session_key": "session-alpha"
      },
      "target": {
        "type": "fork",
        "provider_source_key": "atelier:alpha"
      },
      "relation": "associated_with",
      "selected_link_id": "cross_link:agent_session:codex:/fixture/.state/codex:session-alpha:associated_with:fork:atelier:alpha"
    },
    {
      "source": {
        "type": "fork",
        "provider_source_key": "atelier:alpha"
      },
      "target": {
        "type": "repo",
        "common_dir": "/sources/repo-a"
      },
      "relation": "forks_repo",
      "selected_link_id": "atelier:fork:atelier:alpha:forks_repo:repo:/sources/repo-a"
    },
    {
      "source": {
        "type": "fork",
        "provider_source_key": "atelier:alpha"
      },
      "target": {
        "type": "worktree",
        "repo": {
          "common_dir": "/sources/repo-a"
        },
        "root": ".atelier/forks/alpha/repo-a"
      },
      "relation": "created_worktree",
      "selected_link_id": "atelier:fork:atelier:alpha:created_worktree:worktree:repo:/sources/repo-a@.atelier/forks/alpha/repo-a"
    },
    {
      "source": {
        "type": "fork",
        "provider_source_key": "atelier:alpha"
      },
      "target": {
        "type": "workspace",
        "root": "/fixture"
      },
      "relation": "forks_workspace",
      "selected_link_id": "atelier:fork:atelier:alpha:forks_workspace:workspace:/fixture"
    },
    {
      "source": {
        "type": "fork",
        "provider_source_key": "atelier:alpha"
      },
      "target": {
        "type": "branch",
        "repo": {
          "common_dir": "/sources/repo-a"
        },
        "refname": "fork/alpha/repo-a"
      },
      "relation": "created_branch",
      "selected_link_id": "atelier:fork:atelier:alpha:created_branch:branch:repo:/sources/repo-a@fork/alpha/repo-a"
    }
  ],
  "diagnostics": [
    {
      "kind": "unresolved_endpoint",
      "link_id": "atelier:fork:atelier:alpha:child_session:codex:child-session",
      "relation": "child_session"
    },
    {
      "kind": "unresolved_endpoint",
      "link_id": "atelier:fork:atelier:alpha:parent_session:codex:parent-session",
      "relation": "parent_session"
    },
    {
      "kind": "unresolved_endpoint",
      "link_id": "atelier:fork:atelier:alpha:rooted_at_path:/fixture/.atelier/forks/alpha",
      "relation": "rooted_at_path"
    },
    {
      "kind": "conflict",
      "source": {
        "type": "workspace",
        "root": "/fixture"
      },
      "relation": "workspace_contains_repo",
      "selected_link_id": "atelier:workspace:/fixture:workspace_contains_repo:repo:/fixture/repo-a/.git:repo-a",
      "competing_link_ids": [
        "atelier:workspace:/fixture:workspace_contains_repo:repo:/fixture/repo-b/.git:repo-b"
      ]
    }
  ]
}
