---
source: tests/atelier_delegation_snapshots.rs
expression: "table::render(&table_snapshot, Projection::Union)"
---
ID      KIND   LABEL                CWD                                   RELATIONSHIP
------  -----  -------------------  ------------------------------------  ---------------------
33b5b9  agent  codex:session-alpha  /fixture/.atelier/forks/alpha/repo-a  mux=tmux:alpha [SD/H]
851ba4  mux    tmux:alpha           /fixture/.atelier/forks/alpha/repo-a  —
