---
source: tests/atelier_delegation_snapshots.rs
expression: "table::render(&table_snapshot, Projection::Mux)"
---
ID      MUX         CWD                                   AGENTS
------  ----------  ------------------------------------  --------------------------
851ba4  tmux:alpha  /fixture/.atelier/forks/alpha/repo-a  codex:session-alpha [SD/H]
