---
source: tests/atelier_delegation_snapshots.rs
expression: "table::render(&table_snapshot, Projection::Agent)"
---
ID      AGENT                CWD                                   MUX         MUX/CONF  PR  PR/CONF  LINEAGE
------  -------------------  ------------------------------------  ----------  --------  --  -------  -------
33b5b9  codex:session-alpha  /fixture/.atelier/forks/alpha/repo-a  tmux:alpha  SD/H      —   —        —
