---
source: tests/git_discovery_snapshots.rs
assertion_line: 65
expression: rendered
---
{
  "nodes": [
    {
      "type": "repo",
      "id": {
        "common_dir": "/workspace/repo/.git"
      },
      "common_dir": "/workspace/repo/.git",
      "source_paths": [
        "/workspace/repo-linked"
      ],
      "remotes": [
        "origin=git@example.com:owner/repo.git"
      ]
    },
    {
      "type": "checkout",
      "id": {
        "repo": {
          "common_dir": "/workspace/repo/.git"
        },
        "root": "/workspace/repo-linked"
      },
      "root": "/workspace/repo-linked",
      "git_dir": "/workspace/repo/.git/worktrees/repo-linked",
      "current_branch": {
        "repo": {
          "common_dir": "/workspace/repo/.git"
        },
        "refname": "refs/heads/feature"
      }
    },
    {
      "type": "branch",
      "id": {
        "repo": {
          "common_dir": "/workspace/repo/.git"
        },
        "refname": "refs/heads/feature"
      },
      "refname": "refs/heads/feature"
    },
    {
      "type": "branch",
      "id": {
        "repo": {
          "common_dir": "/workspace/repo/.git"
        },
        "refname": "refs/heads/main"
      },
      "refname": "refs/heads/main"
    }
  ],
  "candidate_links": [
    {
      "id": "git:checkout:repo:/workspace/repo/.git@/workspace/repo-linked:belongs_to_repo:repo:/workspace/repo/.git",
      "source": {
        "type": "checkout",
        "repo": {
          "common_dir": "/workspace/repo/.git"
        },
        "root": "/workspace/repo-linked"
      },
      "target": {
        "kind": "node",
        "id": {
          "type": "repo",
          "common_dir": "/workspace/repo/.git"
        }
      },
      "relation": "belongs_to_repo",
      "provenance": "strong_discovered",
      "confidence": "high",
      "freshness": "fresh",
      "source_metadata": {
        "adapter": "git",
        "evidence": "git common dir"
      },
      "state": {
        "state": "active"
      }
    },
    {
      "id": "git:checkout:repo:/workspace/repo/.git@/workspace/repo-linked:checked_out_branch:branch:repo:/workspace/repo/.git@refs/heads/feature",
      "source": {
        "type": "checkout",
        "repo": {
          "common_dir": "/workspace/repo/.git"
        },
        "root": "/workspace/repo-linked"
      },
      "target": {
        "kind": "node",
        "id": {
          "type": "branch",
          "repo": {
            "common_dir": "/workspace/repo/.git"
          },
          "refname": "refs/heads/feature"
        }
      },
      "relation": "checked_out_branch",
      "provenance": "strong_discovered",
      "confidence": "high",
      "freshness": "fresh",
      "source_metadata": {
        "adapter": "git",
        "evidence": "symbolic HEAD"
      },
      "state": {
        "state": "active"
      }
    }
  ],
  "resolved_relationships": [
    {
      "source": {
        "type": "checkout",
        "repo": {
          "common_dir": "/workspace/repo/.git"
        },
        "root": "/workspace/repo-linked"
      },
      "target": {
        "type": "repo",
        "common_dir": "/workspace/repo/.git"
      },
      "relation": "belongs_to_repo",
      "selected_link_id": "git:checkout:repo:/workspace/repo/.git@/workspace/repo-linked:belongs_to_repo:repo:/workspace/repo/.git"
    },
    {
      "source": {
        "type": "checkout",
        "repo": {
          "common_dir": "/workspace/repo/.git"
        },
        "root": "/workspace/repo-linked"
      },
      "target": {
        "type": "branch",
        "repo": {
          "common_dir": "/workspace/repo/.git"
        },
        "refname": "refs/heads/feature"
      },
      "relation": "checked_out_branch",
      "selected_link_id": "git:checkout:repo:/workspace/repo/.git@/workspace/repo-linked:checked_out_branch:branch:repo:/workspace/repo/.git@refs/heads/feature"
    }
  ],
  "diagnostics": []
}
