---
source: tests/pins_snapshots.rs
expression: rendered
---
ID            AGENT               CWD                     MUX                      MUX/CONF  PR  PR/CONF  LINEAGE
------------  ------------------  ----------------------  -----------------------  --------  --  -------  -------
ambig-strong  codex:ambig-strong  /home/op/src/work       tmux:tmux:ambig          SD/H*     —   —        —
ambig-weak    codex:ambig-weak    /home/op/src/work       tmux:tmux:ambig          D/H       —   —        —
bound-alpha   codex:bound-alpha   /home/op/src/work       tmux:tmux:bound          D/H*      —   —        —
drift-alpha   codex:drift-alpha   /home/op/src/elsewhere  tmux:tmux:drift          D/H*      —   —        —
socket-alpha  codex:socket-alpha  /home/op/src/work       tmux:tmux:work:socketed  D/H*      —   —        —
